Archive member included because of file (symbol)

e:/atmel toolchain/avr8 gcc/native/3.4.1056/avr8-gnu-toolchain/bin/../lib/gcc/avr/4.8.1/avr6\libgcc.a(_udivmodhi4.o)
                              buffer.o (__udivmodhi4)
e:/atmel toolchain/avr8 gcc/native/3.4.1056/avr8-gnu-toolchain/bin/../lib/gcc/avr/4.8.1/avr6\libgcc.a(_udivmodsi4.o)
                              MASCHINE.o (__udivmodsi4)
e:/atmel toolchain/avr8 gcc/native/3.4.1056/avr8-gnu-toolchain/bin/../lib/gcc/avr/4.8.1/avr6\libgcc.a(_exit.o)
                              e:/atmel toolchain/avr8 gcc/native/3.4.1056/avr8-gnu-toolchain/bin/../lib/gcc/avr/4.8.1/../../../../avr/lib/avr6/crtm2560.o (exit)
e:/atmel toolchain/avr8 gcc/native/3.4.1056/avr8-gnu-toolchain/bin/../lib/gcc/avr/4.8.1/avr6\libgcc.a(_tablejump.o)
                              MASCHINE.o (__tablejump2__)
e:/atmel toolchain/avr8 gcc/native/3.4.1056/avr8-gnu-toolchain/bin/../lib/gcc/avr/4.8.1/avr6\libgcc.a(_copy_data.o)
                              MASCHINE.o (__do_copy_data)
e:/atmel toolchain/avr8 gcc/native/3.4.1056/avr8-gnu-toolchain/bin/../lib/gcc/avr/4.8.1/avr6\libgcc.a(_clear_bss.o)
                              MASCHINE.o (__do_clear_bss)
e:/atmel toolchain/avr8 gcc/native/3.4.1056/avr8-gnu-toolchain/bin/../lib/gcc/avr/4.8.1/avr6\libgcc.a(_umulhisi3.o)
                              rprintf.o (__umulhisi3)
e:/atmel toolchain/avr8 gcc/native/3.4.1056/avr8-gnu-toolchain/bin/../lib/gcc/avr/4.8.1/../../../../avr/lib/avr6\libc.a(fwrite.o)
                              uart.o (fwrite)
e:/atmel toolchain/avr8 gcc/native/3.4.1056/avr8-gnu-toolchain/bin/../lib/gcc/avr/4.8.1/../../../../avr/lib/avr6\libc.a(iob.o)
                              uart.o (__iob)
e:/atmel toolchain/avr8 gcc/native/3.4.1056/avr8-gnu-toolchain/bin/../lib/gcc/avr/4.8.1/../../../../avr/lib/avr6\libc.a(eerd_block_atmega2560.o)
                              MASCHINE.o (__eerd_block_m2560)
e:/atmel toolchain/avr8 gcc/native/3.4.1056/avr8-gnu-toolchain/bin/../lib/gcc/avr/4.8.1/../../../../avr/lib/avr6\libc.a(eeupd_byte_atmega2560.o)
                              MASCHINE.o (__eeupd_byte_m2560)
e:/atmel toolchain/avr8 gcc/native/3.4.1056/avr8-gnu-toolchain/bin/../lib/gcc/avr/4.8.1/../../../../avr/lib/avr6\libc.a(eewr_word_atmega2560.o)
                              MASCHINE.o (__eewr_word_m2560)
e:/atmel toolchain/avr8 gcc/native/3.4.1056/avr8-gnu-toolchain/bin/../lib/gcc/avr/4.8.1/../../../../avr/lib/avr6\libc.a(eewr_byte_atmega2560.o)
                              e:/atmel toolchain/avr8 gcc/native/3.4.1056/avr8-gnu-toolchain/bin/../lib/gcc/avr/4.8.1/../../../../avr/lib/avr6\libc.a(eewr_word_atmega2560.o) (__eewr_byte_m2560)

Allocating common symbols
Common symbol       size              file

millisekunden       0x2               MASCHINE.o
minute              0x2               MASCHINE.o
Reg                 0x5               MASCHINE.o
test                0x1               MASCHINE.o
stunde              0x2               MASCHINE.o
sekunde             0x2               MASCHINE.o
T_Rezept            0x5f0             MASCHINE.o
__iob               0x6               e:/atmel toolchain/avr8 gcc/native/3.4.1056/avr8-gnu-toolchain/bin/../lib/gcc/avr/4.8.1/../../../../avr/lib/avr6\libc.a(iob.o)

Discarded input sections

 .bss           0x00000000        0x0 e:/atmel toolchain/avr8 gcc/native/3.4.1056/avr8-gnu-toolchain/bin/../lib/gcc/avr/4.8.1/../../../../avr/lib/avr6/crtm2560.o
 .group         0x00000000        0x8 buffer.o
 .group         0x00000000        0x8 buffer.o
 .group         0x00000000        0x8 buffer.o
 .group         0x00000000        0x8 buffer.o
 .group         0x00000000        0x8 buffer.o
 .group         0x00000000        0x8 buffer.o
 .group         0x00000000        0x8 buffer.o
 .group         0x00000000        0x8 buffer.o
 .group         0x00000000        0x8 buffer.o
 .group         0x00000000        0x8 buffer.o
 .group         0x00000000        0x8 buffer.o
 .group         0x00000000        0x8 buffer.o
 .group         0x00000000        0x8 buffer.o
 .group         0x00000000        0x8 buffer.o
 .group         0x00000000        0x8 buffer.o
 .text          0x00000000        0x0 buffer.o
 .bss           0x00000000        0x0 buffer.o
 .text.bufferInit
                0x00000000       0x1a buffer.o
 .text.bufferGetFromFront
                0x00000000       0x48 buffer.o
 .text.bufferDumpFromFront
                0x00000000       0x40 buffer.o
 .text.bufferGetAtIndex
                0x00000000       0x26 buffer.o
 .text.bufferAddToEnd
                0x00000000       0x4a buffer.o
 .text.bufferIsNotFull
                0x00000000       0x16 buffer.o
 .text.bufferFlush
                0x00000000        0xe buffer.o
 .group         0x00000000        0x8 MASCHINE.o
 .group         0x00000000        0x8 MASCHINE.o
 .group         0x00000000        0x8 MASCHINE.o
 .group         0x00000000        0x8 MASCHINE.o
 .group         0x00000000        0x8 MASCHINE.o
 .group         0x00000000        0x8 MASCHINE.o
 .group         0x00000000        0x8 MASCHINE.o
 .group         0x00000000        0x8 MASCHINE.o
 .group         0x00000000        0x8 MASCHINE.o
 .group         0x00000000        0x8 MASCHINE.o
 .group         0x00000000        0x8 MASCHINE.o
 .group         0x00000000        0x8 MASCHINE.o
 .group         0x00000000        0x8 MASCHINE.o
 .group         0x00000000        0x8 MASCHINE.o
 .group         0x00000000        0x8 MASCHINE.o
 .group         0x00000000        0x8 MASCHINE.o
 .group         0x00000000        0x8 MASCHINE.o
 .group         0x00000000        0x8 MASCHINE.o
 .group         0x00000000        0x8 MASCHINE.o
 .group         0x00000000        0x8 MASCHINE.o
 .group         0x00000000        0x8 MASCHINE.o
 .group         0x00000000        0x8 MASCHINE.o
 .group         0x00000000        0x8 MASCHINE.o
 .group         0x00000000        0x8 MASCHINE.o
 .group         0x00000000        0x8 MASCHINE.o
 .group         0x00000000        0x8 MASCHINE.o
 .group         0x00000000        0x8 MASCHINE.o
 .group         0x00000000        0x8 MASCHINE.o
 .group         0x00000000        0x8 MASCHINE.o
 .group         0x00000000        0x8 MASCHINE.o
 .group         0x00000000        0x8 MASCHINE.o
 .text          0x00000000        0x0 MASCHINE.o
 .bss           0x00000000        0x0 MASCHINE.o
 .text.move_init
                0x00000000        0x2 MASCHINE.o
 .text.move     0x00000000       0x30 MASCHINE.o
 .text.leseStartAdr
                0x00000000        0x2 MASCHINE.o
 .text.schreibeStartAdr
                0x00000000        0xe MASCHINE.o
 .text.sucheRezept
                0x00000000       0x1c MASCHINE.o
 .text.init_EE  0x00000000       0x1a MASCHINE.o
 .text.schreibeTest
                0x00000000       0x1c MASCHINE.o
 .text.ADC_Init
                0x00000000       0x2a MASCHINE.o
 .text.ADC_Read
                0x00000000       0x28 MASCHINE.o
 .text.ADC_Read_Avg
                0x00000000       0x5c MASCHINE.o
 .text.HC595Init
                0x00000000        0x8 MASCHINE.o
 .text.HC595Pulse
                0x00000000        0x6 MASCHINE.o
 .text.HC595Latch
                0x00000000       0x12 MASCHINE.o
 .text.HC595Write
                0x00000000       0x26 MASCHINE.o
 .text.Wait     0x00000000       0x12 MASCHINE.o
 .text.setBit_Reg
                0x00000000       0x68 MASCHINE.o
 .text.resetBit_Reg
                0x00000000       0x6a MASCHINE.o
 .text.messDos  0x00000000       0x34 MASCHINE.o
 .text.startDos
                0x00000000      0x822 MASCHINE.o
 .progmem.gcc_sw_table.startDos
                0x00000000       0x28 MASCHINE.o
 .text.holBecher
                0x00000000        0x6 MASCHINE.o
 .text.initMASCHINE
                0x00000000        0xa MASCHINE.o
 .text.BT_interpr
                0x00000000        0x2 MASCHINE.o
 .text.init_timer
                0x00000000       0x1c MASCHINE.o
 .bss.laenge    0x00000000        0x2 MASCHINE.o
 .bss.Adresse   0x00000000        0x2 MASCHINE.o
 .debug_macro   0x00000000      0xa54 MASCHINE.o
 .debug_macro   0x00000000       0x10 MASCHINE.o
 .debug_macro   0x00000000      0x1ad MASCHINE.o
 .debug_macro   0x00000000      0x293 MASCHINE.o
 .debug_macro   0x00000000       0x9e MASCHINE.o
 .debug_macro   0x00000000     0x1e62 MASCHINE.o
 .debug_macro   0x00000000       0xd6 MASCHINE.o
 .debug_macro   0x00000000      0x2ea MASCHINE.o
 .debug_macro   0x00000000       0xd9 MASCHINE.o
 .debug_macro   0x00000000       0x34 MASCHINE.o
 .debug_macro   0x00000000       0x18 MASCHINE.o
 .debug_macro   0x00000000       0x6c MASCHINE.o
 .debug_macro   0x00000000       0x4c MASCHINE.o
 .debug_macro   0x00000000       0x10 MASCHINE.o
 .group         0x00000000        0x8 rprintf.o
 .group         0x00000000        0x8 rprintf.o
 .group         0x00000000        0x8 rprintf.o
 .group         0x00000000        0x8 rprintf.o
 .group         0x00000000        0x8 rprintf.o
 .group         0x00000000        0x8 rprintf.o
 .group         0x00000000        0x8 rprintf.o
 .group         0x00000000        0x8 rprintf.o
 .group         0x00000000        0x8 rprintf.o
 .group         0x00000000        0x8 rprintf.o
 .group         0x00000000        0x8 rprintf.o
 .group         0x00000000        0x8 rprintf.o
 .group         0x00000000        0x8 rprintf.o
 .group         0x00000000        0x8 rprintf.o
 .group         0x00000000        0x8 rprintf.o
 .group         0x00000000        0x8 rprintf.o
 .group         0x00000000        0x8 rprintf.o
 .group         0x00000000        0x8 rprintf.o
 .group         0x00000000        0x8 rprintf.o
 .group         0x00000000        0x8 rprintf.o
 .group         0x00000000        0x8 rprintf.o
 .group         0x00000000        0x8 rprintf.o
 .text          0x00000000        0x0 rprintf.o
 .bss           0x00000000        0x0 rprintf.o
 .text.rprintfInit
                0x00000000        0xa rprintf.o
 .text.rprintfChar
                0x00000000       0x24 rprintf.o
 .text.rprintfStr
                0x00000000       0x22 rprintf.o
 .text.rprintfStrLen
                0x00000000       0x72 rprintf.o
 .text.rprintfProgStr
                0x00000000       0x28 rprintf.o
 .text.rprintfCRLF
                0x00000000        0x8 rprintf.o
 .text.rprintfu04
                0x00000000       0x12 rprintf.o
 .text.rprintfu08
                0x00000000       0x16 rprintf.o
 .text.rprintfu16
                0x00000000       0x14 rprintf.o
 .text.rprintfu32
                0x00000000       0x22 rprintf.o
 .text.rprintfNum
                0x00000000      0x1a6 rprintf.o
 .text.rprintf1RamRom
                0x00000000      0x188 rprintf.o
 .bss.rputchar  0x00000000        0x2 rprintf.o
 .progmem.data.HexChars
                0x00000000       0x11 rprintf.o
 .debug_macro   0x00000000      0xa54 rprintf.o
 .debug_macro   0x00000000      0x1ad rprintf.o
 .debug_macro   0x00000000      0x293 rprintf.o
 .debug_macro   0x00000000     0x1e62 rprintf.o
 .debug_macro   0x00000000       0xd6 rprintf.o
 .debug_macro   0x00000000      0x2ea rprintf.o
 .debug_macro   0x00000000       0xd9 rprintf.o
 .debug_macro   0x00000000       0x34 rprintf.o
 .debug_macro   0x00000000       0x18 rprintf.o
 .debug_macro   0x00000000       0x6c rprintf.o
 .debug_macro   0x00000000       0x58 rprintf.o
 .debug_macro   0x00000000       0x6a rprintf.o
 .debug_macro   0x00000000       0x4c rprintf.o
 .debug_macro   0x00000000       0x10 rprintf.o
 .group         0x00000000        0x8 uart.o
 .group         0x00000000        0x8 uart.o
 .group         0x00000000        0x8 uart.o
 .group         0x00000000        0x8 uart.o
 .group         0x00000000        0x8 uart.o
 .group         0x00000000        0x8 uart.o
 .group         0x00000000        0x8 uart.o
 .group         0x00000000        0x8 uart.o
 .group         0x00000000        0x8 uart.o
 .group         0x00000000        0x8 uart.o
 .group         0x00000000        0x8 uart.o
 .group         0x00000000        0x8 uart.o
 .group         0x00000000        0x8 uart.o
 .group         0x00000000        0x8 uart.o
 .group         0x00000000        0x8 uart.o
 .group         0x00000000        0x8 uart.o
 .group         0x00000000        0x8 uart.o
 .group         0x00000000        0x8 uart.o
 .group         0x00000000        0x8 uart.o
 .text          0x00000000        0x0 uart.o
 .bss           0x00000000        0x0 uart.o
 .text.uart_init
                0x00000000        0xe uart.o
 .rodata.str1.1
                0x00000000       0x12 uart.o
 .text.uart_putchar
                0x00000000       0x42 uart.o
 .text.uart_getchar
                0x00000000      0x228 uart.o
 .text.uart_putstring
                0x00000000       0x4c uart.o
 .text.uart_getstring
                0x00000000       0x60 uart.o
 .bss.b.1768    0x00000000       0x64 uart.o
 .bss.rxp.1769  0x00000000        0x2 uart.o
 .debug_macro   0x00000000      0xa54 uart.o
 .debug_macro   0x00000000      0x1ad uart.o
 .debug_macro   0x00000000       0x58 uart.o
 .debug_macro   0x00000000       0x10 uart.o
 .debug_macro   0x00000000       0x97 uart.o
 .debug_macro   0x00000000       0xeb uart.o
 .debug_macro   0x00000000       0xaa uart.o
 .debug_macro   0x00000000     0x1e62 uart.o
 .debug_macro   0x00000000       0xd6 uart.o
 .debug_macro   0x00000000      0x2ea uart.o
 .debug_macro   0x00000000       0xd9 uart.o
 .debug_macro   0x00000000       0x34 uart.o
 .debug_macro   0x00000000       0x18 uart.o
 .debug_macro   0x00000000       0x6c uart.o
 .debug_macro   0x00000000       0x16 uart.o
 .group         0x00000000        0x8 src/ASF/common/boards/user_board/init.o
 .group         0x00000000        0x8 src/ASF/common/boards/user_board/init.o
 .group         0x00000000        0x8 src/ASF/common/boards/user_board/init.o
 .group         0x00000000        0x8 src/ASF/common/boards/user_board/init.o
 .group         0x00000000        0x8 src/ASF/common/boards/user_board/init.o
 .group         0x00000000        0x8 src/ASF/common/boards/user_board/init.o
 .group         0x00000000        0x8 src/ASF/common/boards/user_board/init.o
 .group         0x00000000        0x8 src/ASF/common/boards/user_board/init.o
 .group         0x00000000        0x8 src/ASF/common/boards/user_board/init.o
 .group         0x00000000        0x8 src/ASF/common/boards/user_board/init.o
 .group         0x00000000        0x8 src/ASF/common/boards/user_board/init.o
 .group         0x00000000        0x8 src/ASF/common/boards/user_board/init.o
 .group         0x00000000        0x8 src/ASF/common/boards/user_board/init.o
 .group         0x00000000        0x8 src/ASF/common/boards/user_board/init.o
 .group         0x00000000        0x8 src/ASF/common/boards/user_board/init.o
 .group         0x00000000        0x8 src/ASF/common/boards/user_board/init.o
 .group         0x00000000        0x8 src/ASF/common/boards/user_board/init.o
 .group         0x00000000        0x8 src/ASF/common/boards/user_board/init.o
 .group         0x00000000        0x8 src/ASF/common/boards/user_board/init.o
 .group         0x00000000        0x8 src/ASF/common/boards/user_board/init.o
 .group         0x00000000        0x8 src/ASF/common/boards/user_board/init.o
 .group         0x00000000        0x8 src/ASF/common/boards/user_board/init.o
 .group         0x00000000        0x8 src/ASF/common/boards/user_board/init.o
 .group         0x00000000        0x8 src/ASF/common/boards/user_board/init.o
 .group         0x00000000        0x8 src/ASF/common/boards/user_board/init.o
 .group         0x00000000        0x8 src/ASF/common/boards/user_board/init.o
 .text          0x00000000        0x0 src/ASF/common/boards/user_board/init.o
 .bss           0x00000000        0x0 src/ASF/common/boards/user_board/init.o
 .text.board_init
                0x00000000        0x2 src/ASF/common/boards/user_board/init.o
 .debug_macro   0x00000000      0xa54 src/ASF/common/boards/user_board/init.o
 .debug_macro   0x00000000       0x10 src/ASF/common/boards/user_board/init.o
 .debug_macro   0x00000000      0x1ad src/ASF/common/boards/user_board/init.o
 .debug_macro   0x00000000      0x293 src/ASF/common/boards/user_board/init.o
 .debug_macro   0x00000000       0x9e src/ASF/common/boards/user_board/init.o
 .debug_macro   0x00000000     0x1e62 src/ASF/common/boards/user_board/init.o
 .debug_macro   0x00000000       0xd6 src/ASF/common/boards/user_board/init.o
 .debug_macro   0x00000000      0x2ea src/ASF/common/boards/user_board/init.o
 .debug_macro   0x00000000       0xd9 src/ASF/common/boards/user_board/init.o
 .debug_macro   0x00000000       0x34 src/ASF/common/boards/user_board/init.o
 .debug_macro   0x00000000       0x18 src/ASF/common/boards/user_board/init.o
 .debug_macro   0x00000000       0x6c src/ASF/common/boards/user_board/init.o
 .debug_macro   0x00000000       0x22 src/ASF/common/boards/user_board/init.o
 .debug_macro   0x00000000       0x1c src/ASF/common/boards/user_board/init.o
 .debug_macro   0x00000000       0x35 src/ASF/common/boards/user_board/init.o
 .debug_macro   0x00000000       0x69 src/ASF/common/boards/user_board/init.o
 .debug_macro   0x00000000       0x10 src/ASF/common/boards/user_board/init.o
 .text          0x00000000        0x0 e:/atmel toolchain/avr8 gcc/native/3.4.1056/avr8-gnu-toolchain/bin/../lib/gcc/avr/4.8.1/avr6\libgcc.a(_udivmodhi4.o)
 .bss           0x00000000        0x0 e:/atmel toolchain/avr8 gcc/native/3.4.1056/avr8-gnu-toolchain/bin/../lib/gcc/avr/4.8.1/avr6\libgcc.a(_udivmodhi4.o)
 .text.libgcc.mul
                0x00000000        0x0 e:/atmel toolchain/avr8 gcc/native/3.4.1056/avr8-gnu-toolchain/bin/../lib/gcc/avr/4.8.1/avr6\libgcc.a(_udivmodhi4.o)
 .text.libgcc.div
                0x00000000       0x28 e:/atmel toolchain/avr8 gcc/native/3.4.1056/avr8-gnu-toolchain/bin/../lib/gcc/avr/4.8.1/avr6\libgcc.a(_udivmodhi4.o)
 .text.libgcc   0x00000000        0x0 e:/atmel toolchain/avr8 gcc/native/3.4.1056/avr8-gnu-toolchain/bin/../lib/gcc/avr/4.8.1/avr6\libgcc.a(_udivmodhi4.o)
 .text.libgcc.prologue
                0x00000000        0x0 e:/atmel toolchain/avr8 gcc/native/3.4.1056/avr8-gnu-toolchain/bin/../lib/gcc/avr/4.8.1/avr6\libgcc.a(_udivmodhi4.o)
 .text.libgcc.builtins
                0x00000000        0x0 e:/atmel toolchain/avr8 gcc/native/3.4.1056/avr8-gnu-toolchain/bin/../lib/gcc/avr/4.8.1/avr6\libgcc.a(_udivmodhi4.o)
 .text.libgcc.fmul
                0x00000000        0x0 e:/atmel toolchain/avr8 gcc/native/3.4.1056/avr8-gnu-toolchain/bin/../lib/gcc/avr/4.8.1/avr6\libgcc.a(_udivmodhi4.o)
 .text.libgcc.fixed
                0x00000000        0x0 e:/atmel toolchain/avr8 gcc/native/3.4.1056/avr8-gnu-toolchain/bin/../lib/gcc/avr/4.8.1/avr6\libgcc.a(_udivmodhi4.o)
 .text          0x00000000        0x0 e:/atmel toolchain/avr8 gcc/native/3.4.1056/avr8-gnu-toolchain/bin/../lib/gcc/avr/4.8.1/avr6\libgcc.a(_udivmodsi4.o)
 .bss           0x00000000        0x0 e:/atmel toolchain/avr8 gcc/native/3.4.1056/avr8-gnu-toolchain/bin/../lib/gcc/avr/4.8.1/avr6\libgcc.a(_udivmodsi4.o)
 .text.libgcc.mul
                0x00000000        0x0 e:/atmel toolchain/avr8 gcc/native/3.4.1056/avr8-gnu-toolchain/bin/../lib/gcc/avr/4.8.1/avr6\libgcc.a(_udivmodsi4.o)
 .text.libgcc.div
                0x00000000       0x44 e:/atmel toolchain/avr8 gcc/native/3.4.1056/avr8-gnu-toolchain/bin/../lib/gcc/avr/4.8.1/avr6\libgcc.a(_udivmodsi4.o)
 .text.libgcc   0x00000000        0x0 e:/atmel toolchain/avr8 gcc/native/3.4.1056/avr8-gnu-toolchain/bin/../lib/gcc/avr/4.8.1/avr6\libgcc.a(_udivmodsi4.o)
 .text.libgcc.prologue
                0x00000000        0x0 e:/atmel toolchain/avr8 gcc/native/3.4.1056/avr8-gnu-toolchain/bin/../lib/gcc/avr/4.8.1/avr6\libgcc.a(_udivmodsi4.o)
 .text.libgcc.builtins
                0x00000000        0x0 e:/atmel toolchain/avr8 gcc/native/3.4.1056/avr8-gnu-toolchain/bin/../lib/gcc/avr/4.8.1/avr6\libgcc.a(_udivmodsi4.o)
 .text.libgcc.fmul
                0x00000000        0x0 e:/atmel toolchain/avr8 gcc/native/3.4.1056/avr8-gnu-toolchain/bin/../lib/gcc/avr/4.8.1/avr6\libgcc.a(_udivmodsi4.o)
 .text.libgcc.fixed
                0x00000000        0x0 e:/atmel toolchain/avr8 gcc/native/3.4.1056/avr8-gnu-toolchain/bin/../lib/gcc/avr/4.8.1/avr6\libgcc.a(_udivmodsi4.o)
 .text          0x00000000        0x0 e:/atmel toolchain/avr8 gcc/native/3.4.1056/avr8-gnu-toolchain/bin/../lib/gcc/avr/4.8.1/avr6\libgcc.a(_exit.o)
 .bss           0x00000000        0x0 e:/atmel toolchain/avr8 gcc/native/3.4.1056/avr8-gnu-toolchain/bin/../lib/gcc/avr/4.8.1/avr6\libgcc.a(_exit.o)
 .text.libgcc.mul
                0x00000000        0x0 e:/atmel toolchain/avr8 gcc/native/3.4.1056/avr8-gnu-toolchain/bin/../lib/gcc/avr/4.8.1/avr6\libgcc.a(_exit.o)
 .text.libgcc.div
                0x00000000        0x0 e:/atmel toolchain/avr8 gcc/native/3.4.1056/avr8-gnu-toolchain/bin/../lib/gcc/avr/4.8.1/avr6\libgcc.a(_exit.o)
 .text.libgcc   0x00000000        0x0 e:/atmel toolchain/avr8 gcc/native/3.4.1056/avr8-gnu-toolchain/bin/../lib/gcc/avr/4.8.1/avr6\libgcc.a(_exit.o)
 .text.libgcc.prologue
                0x00000000        0x0 e:/atmel toolchain/avr8 gcc/native/3.4.1056/avr8-gnu-toolchain/bin/../lib/gcc/avr/4.8.1/avr6\libgcc.a(_exit.o)
 .text.libgcc.builtins
                0x00000000        0x0 e:/atmel toolchain/avr8 gcc/native/3.4.1056/avr8-gnu-toolchain/bin/../lib/gcc/avr/4.8.1/avr6\libgcc.a(_exit.o)
 .text.libgcc.fmul
                0x00000000        0x0 e:/atmel toolchain/avr8 gcc/native/3.4.1056/avr8-gnu-toolchain/bin/../lib/gcc/avr/4.8.1/avr6\libgcc.a(_exit.o)
 .text.libgcc.fixed
                0x00000000        0x0 e:/atmel toolchain/avr8 gcc/native/3.4.1056/avr8-gnu-toolchain/bin/../lib/gcc/avr/4.8.1/avr6\libgcc.a(_exit.o)
 .text          0x00000000        0x0 e:/atmel toolchain/avr8 gcc/native/3.4.1056/avr8-gnu-toolchain/bin/../lib/gcc/avr/4.8.1/avr6\libgcc.a(_tablejump.o)
 .bss           0x00000000        0x0 e:/atmel toolchain/avr8 gcc/native/3.4.1056/avr8-gnu-toolchain/bin/../lib/gcc/avr/4.8.1/avr6\libgcc.a(_tablejump.o)
 .text.libgcc.mul
                0x00000000        0x0 e:/atmel toolchain/avr8 gcc/native/3.4.1056/avr8-gnu-toolchain/bin/../lib/gcc/avr/4.8.1/avr6\libgcc.a(_tablejump.o)
 .text.libgcc.div
                0x00000000        0x0 e:/atmel toolchain/avr8 gcc/native/3.4.1056/avr8-gnu-toolchain/bin/../lib/gcc/avr/4.8.1/avr6\libgcc.a(_tablejump.o)
 .text.libgcc   0x00000000        0xc e:/atmel toolchain/avr8 gcc/native/3.4.1056/avr8-gnu-toolchain/bin/../lib/gcc/avr/4.8.1/avr6\libgcc.a(_tablejump.o)
 .text.libgcc.prologue
                0x00000000        0x0 e:/atmel toolchain/avr8 gcc/native/3.4.1056/avr8-gnu-toolchain/bin/../lib/gcc/avr/4.8.1/avr6\libgcc.a(_tablejump.o)
 .text.libgcc.builtins
                0x00000000        0x0 e:/atmel toolchain/avr8 gcc/native/3.4.1056/avr8-gnu-toolchain/bin/../lib/gcc/avr/4.8.1/avr6\libgcc.a(_tablejump.o)
 .text.libgcc.fmul
                0x00000000        0x0 e:/atmel toolchain/avr8 gcc/native/3.4.1056/avr8-gnu-toolchain/bin/../lib/gcc/avr/4.8.1/avr6\libgcc.a(_tablejump.o)
 .text.libgcc.fixed
                0x00000000        0x0 e:/atmel toolchain/avr8 gcc/native/3.4.1056/avr8-gnu-toolchain/bin/../lib/gcc/avr/4.8.1/avr6\libgcc.a(_tablejump.o)
 .text          0x00000000        0x0 e:/atmel toolchain/avr8 gcc/native/3.4.1056/avr8-gnu-toolchain/bin/../lib/gcc/avr/4.8.1/avr6\libgcc.a(_copy_data.o)
 .bss           0x00000000        0x0 e:/atmel toolchain/avr8 gcc/native/3.4.1056/avr8-gnu-toolchain/bin/../lib/gcc/avr/4.8.1/avr6\libgcc.a(_copy_data.o)
 .text.libgcc.mul
                0x00000000        0x0 e:/atmel toolchain/avr8 gcc/native/3.4.1056/avr8-gnu-toolchain/bin/../lib/gcc/avr/4.8.1/avr6\libgcc.a(_copy_data.o)
 .text.libgcc.div
                0x00000000        0x0 e:/atmel toolchain/avr8 gcc/native/3.4.1056/avr8-gnu-toolchain/bin/../lib/gcc/avr/4.8.1/avr6\libgcc.a(_copy_data.o)
 .text.libgcc   0x00000000        0x0 e:/atmel toolchain/avr8 gcc/native/3.4.1056/avr8-gnu-toolchain/bin/../lib/gcc/avr/4.8.1/avr6\libgcc.a(_copy_data.o)
 .text.libgcc.prologue
                0x00000000        0x0 e:/atmel toolchain/avr8 gcc/native/3.4.1056/avr8-gnu-toolchain/bin/../lib/gcc/avr/4.8.1/avr6\libgcc.a(_copy_data.o)
 .text.libgcc.builtins
                0x00000000        0x0 e:/atmel toolchain/avr8 gcc/native/3.4.1056/avr8-gnu-toolchain/bin/../lib/gcc/avr/4.8.1/avr6\libgcc.a(_copy_data.o)
 .text.libgcc.fmul
                0x00000000        0x0 e:/atmel toolchain/avr8 gcc/native/3.4.1056/avr8-gnu-toolchain/bin/../lib/gcc/avr/4.8.1/avr6\libgcc.a(_copy_data.o)
 .text.libgcc.fixed
                0x00000000        0x0 e:/atmel toolchain/avr8 gcc/native/3.4.1056/avr8-gnu-toolchain/bin/../lib/gcc/avr/4.8.1/avr6\libgcc.a(_copy_data.o)
 .text          0x00000000        0x0 e:/atmel toolchain/avr8 gcc/native/3.4.1056/avr8-gnu-toolchain/bin/../lib/gcc/avr/4.8.1/avr6\libgcc.a(_clear_bss.o)
 .bss           0x00000000        0x0 e:/atmel toolchain/avr8 gcc/native/3.4.1056/avr8-gnu-toolchain/bin/../lib/gcc/avr/4.8.1/avr6\libgcc.a(_clear_bss.o)
 .text.libgcc.mul
                0x00000000        0x0 e:/atmel toolchain/avr8 gcc/native/3.4.1056/avr8-gnu-toolchain/bin/../lib/gcc/avr/4.8.1/avr6\libgcc.a(_clear_bss.o)
 .text.libgcc.div
                0x00000000        0x0 e:/atmel toolchain/avr8 gcc/native/3.4.1056/avr8-gnu-toolchain/bin/../lib/gcc/avr/4.8.1/avr6\libgcc.a(_clear_bss.o)
 .text.libgcc   0x00000000        0x0 e:/atmel toolchain/avr8 gcc/native/3.4.1056/avr8-gnu-toolchain/bin/../lib/gcc/avr/4.8.1/avr6\libgcc.a(_clear_bss.o)
 .text.libgcc.prologue
                0x00000000        0x0 e:/atmel toolchain/avr8 gcc/native/3.4.1056/avr8-gnu-toolchain/bin/../lib/gcc/avr/4.8.1/avr6\libgcc.a(_clear_bss.o)
 .text.libgcc.builtins
                0x00000000        0x0 e:/atmel toolchain/avr8 gcc/native/3.4.1056/avr8-gnu-toolchain/bin/../lib/gcc/avr/4.8.1/avr6\libgcc.a(_clear_bss.o)
 .text.libgcc.fmul
                0x00000000        0x0 e:/atmel toolchain/avr8 gcc/native/3.4.1056/avr8-gnu-toolchain/bin/../lib/gcc/avr/4.8.1/avr6\libgcc.a(_clear_bss.o)
 .text.libgcc.fixed
                0x00000000        0x0 e:/atmel toolchain/avr8 gcc/native/3.4.1056/avr8-gnu-toolchain/bin/../lib/gcc/avr/4.8.1/avr6\libgcc.a(_clear_bss.o)
 .text          0x00000000        0x0 e:/atmel toolchain/avr8 gcc/native/3.4.1056/avr8-gnu-toolchain/bin/../lib/gcc/avr/4.8.1/avr6\libgcc.a(_umulhisi3.o)
 .bss           0x00000000        0x0 e:/atmel toolchain/avr8 gcc/native/3.4.1056/avr8-gnu-toolchain/bin/../lib/gcc/avr/4.8.1/avr6\libgcc.a(_umulhisi3.o)
 .text.libgcc.mul
                0x00000000       0x1e e:/atmel toolchain/avr8 gcc/native/3.4.1056/avr8-gnu-toolchain/bin/../lib/gcc/avr/4.8.1/avr6\libgcc.a(_umulhisi3.o)
 .text.libgcc.div
                0x00000000        0x0 e:/atmel toolchain/avr8 gcc/native/3.4.1056/avr8-gnu-toolchain/bin/../lib/gcc/avr/4.8.1/avr6\libgcc.a(_umulhisi3.o)
 .text.libgcc   0x00000000        0x0 e:/atmel toolchain/avr8 gcc/native/3.4.1056/avr8-gnu-toolchain/bin/../lib/gcc/avr/4.8.1/avr6\libgcc.a(_umulhisi3.o)
 .text.libgcc.prologue
                0x00000000        0x0 e:/atmel toolchain/avr8 gcc/native/3.4.1056/avr8-gnu-toolchain/bin/../lib/gcc/avr/4.8.1/avr6\libgcc.a(_umulhisi3.o)
 .text.libgcc.builtins
                0x00000000        0x0 e:/atmel toolchain/avr8 gcc/native/3.4.1056/avr8-gnu-toolchain/bin/../lib/gcc/avr/4.8.1/avr6\libgcc.a(_umulhisi3.o)
 .text.libgcc.fmul
                0x00000000        0x0 e:/atmel toolchain/avr8 gcc/native/3.4.1056/avr8-gnu-toolchain/bin/../lib/gcc/avr/4.8.1/avr6\libgcc.a(_umulhisi3.o)
 .text.libgcc.fixed
                0x00000000        0x0 e:/atmel toolchain/avr8 gcc/native/3.4.1056/avr8-gnu-toolchain/bin/../lib/gcc/avr/4.8.1/avr6\libgcc.a(_umulhisi3.o)
 .text          0x00000000        0x0 e:/atmel toolchain/avr8 gcc/native/3.4.1056/avr8-gnu-toolchain/bin/../lib/gcc/avr/4.8.1/../../../../avr/lib/avr6\libc.a(fwrite.o)
 .bss           0x00000000        0x0 e:/atmel toolchain/avr8 gcc/native/3.4.1056/avr8-gnu-toolchain/bin/../lib/gcc/avr/4.8.1/../../../../avr/lib/avr6\libc.a(fwrite.o)
 .text.avr-libc
                0x00000000       0x84 e:/atmel toolchain/avr8 gcc/native/3.4.1056/avr8-gnu-toolchain/bin/../lib/gcc/avr/4.8.1/../../../../avr/lib/avr6\libc.a(fwrite.o)
 .text          0x00000000        0x0 e:/atmel toolchain/avr8 gcc/native/3.4.1056/avr8-gnu-toolchain/bin/../lib/gcc/avr/4.8.1/../../../../avr/lib/avr6\libc.a(iob.o)
 .bss           0x00000000        0x0 e:/atmel toolchain/avr8 gcc/native/3.4.1056/avr8-gnu-toolchain/bin/../lib/gcc/avr/4.8.1/../../../../avr/lib/avr6\libc.a(iob.o)
 COMMON         0x00000000        0x6 e:/atmel toolchain/avr8 gcc/native/3.4.1056/avr8-gnu-toolchain/bin/../lib/gcc/avr/4.8.1/../../../../avr/lib/avr6\libc.a(iob.o)
 .text          0x00000000        0x0 e:/atmel toolchain/avr8 gcc/native/3.4.1056/avr8-gnu-toolchain/bin/../lib/gcc/avr/4.8.1/../../../../avr/lib/avr6\libc.a(eerd_block_atmega2560.o)
 .bss           0x00000000        0x0 e:/atmel toolchain/avr8 gcc/native/3.4.1056/avr8-gnu-toolchain/bin/../lib/gcc/avr/4.8.1/../../../../avr/lib/avr6\libc.a(eerd_block_atmega2560.o)
 .text.avr-libc
                0x00000000       0x20 e:/atmel toolchain/avr8 gcc/native/3.4.1056/avr8-gnu-toolchain/bin/../lib/gcc/avr/4.8.1/../../../../avr/lib/avr6\libc.a(eerd_block_atmega2560.o)
 .text          0x00000000        0x0 e:/atmel toolchain/avr8 gcc/native/3.4.1056/avr8-gnu-toolchain/bin/../lib/gcc/avr/4.8.1/../../../../avr/lib/avr6\libc.a(eeupd_byte_atmega2560.o)
 .bss           0x00000000        0x0 e:/atmel toolchain/avr8 gcc/native/3.4.1056/avr8-gnu-toolchain/bin/../lib/gcc/avr/4.8.1/../../../../avr/lib/avr6\libc.a(eeupd_byte_atmega2560.o)
 .text.avr-libc
                0x00000000       0x24 e:/atmel toolchain/avr8 gcc/native/3.4.1056/avr8-gnu-toolchain/bin/../lib/gcc/avr/4.8.1/../../../../avr/lib/avr6\libc.a(eeupd_byte_atmega2560.o)
 .text          0x00000000        0x0 e:/atmel toolchain/avr8 gcc/native/3.4.1056/avr8-gnu-toolchain/bin/../lib/gcc/avr/4.8.1/../../../../avr/lib/avr6\libc.a(eewr_word_atmega2560.o)
 .bss           0x00000000        0x0 e:/atmel toolchain/avr8 gcc/native/3.4.1056/avr8-gnu-toolchain/bin/../lib/gcc/avr/4.8.1/../../../../avr/lib/avr6\libc.a(eewr_word_atmega2560.o)
 .text.avr-libc
                0x00000000        0xa e:/atmel toolchain/avr8 gcc/native/3.4.1056/avr8-gnu-toolchain/bin/../lib/gcc/avr/4.8.1/../../../../avr/lib/avr6\libc.a(eewr_word_atmega2560.o)
 .text          0x00000000        0x0 e:/atmel toolchain/avr8 gcc/native/3.4.1056/avr8-gnu-toolchain/bin/../lib/gcc/avr/4.8.1/../../../../avr/lib/avr6\libc.a(eewr_byte_atmega2560.o)
 .bss           0x00000000        0x0 e:/atmel toolchain/avr8 gcc/native/3.4.1056/avr8-gnu-toolchain/bin/../lib/gcc/avr/4.8.1/../../../../avr/lib/avr6\libc.a(eewr_byte_atmega2560.o)
 .text.avr-libc
                0x00000000       0x1c e:/atmel toolchain/avr8 gcc/native/3.4.1056/avr8-gnu-toolchain/bin/../lib/gcc/avr/4.8.1/../../../../avr/lib/avr6\libc.a(eewr_byte_atmega2560.o)

Memory Configuration

Name             Origin             Length             Attributes
text             0x00000000         0x00100000         xr
data             0x00800200         0x0000fe00         rw !x
eeprom           0x00810000         0x00010000         rw !x
fuse             0x00820000         0x00000400         rw !x
lock             0x00830000         0x00000400         rw !x
signature        0x00840000         0x00000400         rw !x
user_signatures  0x00850000         0x00000400         rw !x
*default*        0x00000000         0xffffffff

Linker script and memory map

Address of section .data set to 0x800200
LOAD e:/atmel toolchain/avr8 gcc/native/3.4.1056/avr8-gnu-toolchain/bin/../lib/gcc/avr/4.8.1/../../../../avr/lib/avr6/crtm2560.o
LOAD buffer.o
LOAD MASCHINE.o
LOAD rprintf.o
LOAD uart.o
LOAD src/ASF/common/boards/user_board/init.o
START GROUP
LOAD e:/atmel toolchain/avr8 gcc/native/3.4.1056/avr8-gnu-toolchain/bin/../lib/gcc/avr/4.8.1/../../../../avr/lib/avr6\libm.a
END GROUP
START GROUP
LOAD e:/atmel toolchain/avr8 gcc/native/3.4.1056/avr8-gnu-toolchain/bin/../lib/gcc/avr/4.8.1/avr6\libgcc.a
LOAD e:/atmel toolchain/avr8 gcc/native/3.4.1056/avr8-gnu-toolchain/bin/../lib/gcc/avr/4.8.1/../../../../avr/lib/avr6\libm.a
LOAD e:/atmel toolchain/avr8 gcc/native/3.4.1056/avr8-gnu-toolchain/bin/../lib/gcc/avr/4.8.1/../../../../avr/lib/avr6\libc.a
END GROUP

.hash
 *(.hash)

.dynsym
 *(.dynsym)

.dynstr
 *(.dynstr)

.gnu.version
 *(.gnu.version)

.gnu.version_d
 *(.gnu.version_d)

.gnu.version_r
 *(.gnu.version_r)

.rel.init
 *(.rel.init)

.rela.init
 *(.rela.init)

.rel.text
 *(.rel.text)
 *(.rel.text.*)
 *(.rel.gnu.linkonce.t*)

.rela.text
 *(.rela.text)
 *(.rela.text.*)
 *(.rela.gnu.linkonce.t*)

.rel.fini
 *(.rel.fini)

.rela.fini
 *(.rela.fini)

.rel.rodata
 *(.rel.rodata)
 *(.rel.rodata.*)
 *(.rel.gnu.linkonce.r*)

.rela.rodata
 *(.rela.rodata)
 *(.rela.rodata.*)
 *(.rela.gnu.linkonce.r*)

.rel.data
 *(.rel.data)
 *(.rel.data.*)
 *(.rel.gnu.linkonce.d*)

.rela.data
 *(.rela.data)
 *(.rela.data.*)
 *(.rela.gnu.linkonce.d*)

.rel.ctors
 *(.rel.ctors)

.rela.ctors
 *(.rela.ctors)

.rel.dtors
 *(.rel.dtors)

.rela.dtors
 *(.rela.dtors)

.rel.got
 *(.rel.got)

.rela.got
 *(.rela.got)

.rel.bss
 *(.rel.bss)

.rela.bss
 *(.rela.bss)

.rel.plt
 *(.rel.plt)

.rela.plt
 *(.rela.plt)

.text           0x00000000      0x24a
 *(.vectors)
 .vectors       0x00000000       0xe4 e:/atmel toolchain/avr8 gcc/native/3.4.1056/avr8-gnu-toolchain/bin/../lib/gcc/avr/4.8.1/../../../../avr/lib/avr6/crtm2560.o
                0x00000000                __vector_default
                0x00000000                __vectors
 *(.vectors)
 *(.progmem.gcc*)
                0x000000e4                . = ALIGN (0x2)
                0x000000e4                __trampolines_start = .
 *(.trampolines)
 .trampolines   0x000000e4        0x0 linker stubs
 *(.trampolines*)
                0x000000e4                __trampolines_end = .
 *(.progmem*)
                0x000000e4                . = ALIGN (0x2)
 *(.jumptables)
 *(.jumptables*)
 *(.lowtext)
 *(.lowtext*)
                0x000000e4                __ctors_start = .
 *(.ctors)
                0x000000e4                __ctors_end = .
                0x000000e4                __dtors_start = .
 *(.dtors)
                0x000000e4                __dtors_end = .
 SORT(*)(.ctors)
 SORT(*)(.dtors)
 *(.init0)
 .init0         0x000000e4        0x0 e:/atmel toolchain/avr8 gcc/native/3.4.1056/avr8-gnu-toolchain/bin/../lib/gcc/avr/4.8.1/../../../../avr/lib/avr6/crtm2560.o
                0x000000e4                __init
 *(.init0)
 *(.init1)
 *(.init1)
 *(.init2)
 .init2         0x000000e4       0x10 e:/atmel toolchain/avr8 gcc/native/3.4.1056/avr8-gnu-toolchain/bin/../lib/gcc/avr/4.8.1/../../../../avr/lib/avr6/crtm2560.o
 *(.init2)
 *(.init3)
 *(.init3)
 *(.init4)
 .init4         0x000000f4       0x1a e:/atmel toolchain/avr8 gcc/native/3.4.1056/avr8-gnu-toolchain/bin/../lib/gcc/avr/4.8.1/avr6\libgcc.a(_copy_data.o)
                0x000000f4                __do_copy_data
 .init4         0x0000010e       0x10 e:/atmel toolchain/avr8 gcc/native/3.4.1056/avr8-gnu-toolchain/bin/../lib/gcc/avr/4.8.1/avr6\libgcc.a(_clear_bss.o)
                0x0000010e                __do_clear_bss
 *(.init4)
 *(.init5)
 *(.init5)
 *(.init6)
 *(.init6)
 *(.init7)
 *(.init7)
 *(.init8)
 *(.init8)
 *(.init9)
 .init9         0x0000011e        0x4 e:/atmel toolchain/avr8 gcc/native/3.4.1056/avr8-gnu-toolchain/bin/../lib/gcc/avr/4.8.1/../../../../avr/lib/avr6/crtm2560.o
 *(.init9)
 *(.text)
 .text          0x00000122        0x2 e:/atmel toolchain/avr8 gcc/native/3.4.1056/avr8-gnu-toolchain/bin/../lib/gcc/avr/4.8.1/../../../../avr/lib/avr6/crtm2560.o
                0x00000122                __vector_38
                0x00000122                __vector_22
                0x00000122                __vector_28
                0x00000122                __vector_1
                0x00000122                __vector_32
                0x00000122                __vector_34
                0x00000122                __vector_24
                0x00000122                __vector_12
                0x00000122                __vector_55
                0x00000122                __vector_46
                0x00000122                __bad_interrupt
                0x00000122                __vector_6
                0x00000122                __vector_31
                0x00000122                __vector_35
                0x00000122                __vector_39
                0x00000122                __vector_3
                0x00000122                __vector_23
                0x00000122                __vector_30
                0x00000122                __vector_45
                0x00000122                __vector_25
                0x00000122                __vector_11
                0x00000122                __vector_54
                0x00000122                __vector_13
                0x00000122                __vector_17
                0x00000122                __vector_19
                0x00000122                __vector_56
                0x00000122                __vector_7
                0x00000122                __vector_49
                0x00000122                __vector_41
                0x00000122                __vector_43
                0x00000122                __vector_27
                0x00000122                __vector_5
                0x00000122                __vector_33
                0x00000122                __vector_47
                0x00000122                __vector_52
                0x00000122                __vector_37
                0x00000122                __vector_4
                0x00000122                __vector_44
                0x00000122                __vector_51
                0x00000122                __vector_9
                0x00000122                __vector_2
                0x00000122                __vector_15
                0x00000122                __vector_36
                0x00000122                __vector_29
                0x00000122                __vector_40
                0x00000122                __vector_8
                0x00000122                __vector_26
                0x00000122                __vector_48
                0x00000122                __vector_14
                0x00000122                __vector_53
                0x00000122                __vector_10
                0x00000122                __vector_50
                0x00000122                __vector_16
                0x00000122                __vector_18
                0x00000122                __vector_20
                0x00000122                __vector_42
                0x00000124                . = ALIGN (0x2)
 *(.text.*)
 .text.move_test
                0x00000124       0x66 MASCHINE.o
                0x00000124                move_test
 .text.__vector_21
                0x0000018a       0xba MASCHINE.o
                0x0000018a                __vector_21
 .text.main     0x00000244        0x2 MASCHINE.o
                0x00000244                main
                0x00000246                . = ALIGN (0x2)
 *(.fini9)
 .fini9         0x00000246        0x0 e:/atmel toolchain/avr8 gcc/native/3.4.1056/avr8-gnu-toolchain/bin/../lib/gcc/avr/4.8.1/avr6\libgcc.a(_exit.o)
                0x00000246                _exit
                0x00000246                exit
 *(.fini9)
 *(.fini8)
 *(.fini8)
 *(.fini7)
 *(.fini7)
 *(.fini6)
 *(.fini6)
 *(.fini5)
 *(.fini5)
 *(.fini4)
 *(.fini4)
 *(.fini3)
 *(.fini3)
 *(.fini2)
 *(.fini2)
 *(.fini1)
 *(.fini1)
 *(.fini0)
 .fini0         0x00000246        0x4 e:/atmel toolchain/avr8 gcc/native/3.4.1056/avr8-gnu-toolchain/bin/../lib/gcc/avr/4.8.1/avr6\libgcc.a(_exit.o)
 *(.fini0)
                0x0000024a                _etext = .

.data           0x00800200        0x4 load address 0x0000024a
                0x00800200                PROVIDE (__data_start, .)
 *(.data)
 .data          0x00800200        0x0 e:/atmel toolchain/avr8 gcc/native/3.4.1056/avr8-gnu-toolchain/bin/../lib/gcc/avr/4.8.1/../../../../avr/lib/avr6/crtm2560.o
 .data          0x00800200        0x0 buffer.o
 .data          0x00800200        0x0 MASCHINE.o
 .data          0x00800200        0x0 rprintf.o
 .data          0x00800200        0x0 uart.o
 .data          0x00800200        0x0 src/ASF/common/boards/user_board/init.o
 .data          0x00800200        0x0 e:/atmel toolchain/avr8 gcc/native/3.4.1056/avr8-gnu-toolchain/bin/../lib/gcc/avr/4.8.1/avr6\libgcc.a(_udivmodhi4.o)
 .data          0x00800200        0x0 e:/atmel toolchain/avr8 gcc/native/3.4.1056/avr8-gnu-toolchain/bin/../lib/gcc/avr/4.8.1/avr6\libgcc.a(_udivmodsi4.o)
 .data          0x00800200        0x0 e:/atmel toolchain/avr8 gcc/native/3.4.1056/avr8-gnu-toolchain/bin/../lib/gcc/avr/4.8.1/avr6\libgcc.a(_exit.o)
 .data          0x00800200        0x0 e:/atmel toolchain/avr8 gcc/native/3.4.1056/avr8-gnu-toolchain/bin/../lib/gcc/avr/4.8.1/avr6\libgcc.a(_tablejump.o)
 .data          0x00800200        0x0 e:/atmel toolchain/avr8 gcc/native/3.4.1056/avr8-gnu-toolchain/bin/../lib/gcc/avr/4.8.1/avr6\libgcc.a(_copy_data.o)
 .data          0x00800200        0x0 e:/atmel toolchain/avr8 gcc/native/3.4.1056/avr8-gnu-toolchain/bin/../lib/gcc/avr/4.8.1/avr6\libgcc.a(_clear_bss.o)
 .data          0x00800200        0x0 e:/atmel toolchain/avr8 gcc/native/3.4.1056/avr8-gnu-toolchain/bin/../lib/gcc/avr/4.8.1/avr6\libgcc.a(_umulhisi3.o)
 .data          0x00800200        0x0 e:/atmel toolchain/avr8 gcc/native/3.4.1056/avr8-gnu-toolchain/bin/../lib/gcc/avr/4.8.1/../../../../avr/lib/avr6\libc.a(fwrite.o)
 .data          0x00800200        0x0 e:/atmel toolchain/avr8 gcc/native/3.4.1056/avr8-gnu-toolchain/bin/../lib/gcc/avr/4.8.1/../../../../avr/lib/avr6\libc.a(iob.o)
 .data          0x00800200        0x0 e:/atmel toolchain/avr8 gcc/native/3.4.1056/avr8-gnu-toolchain/bin/../lib/gcc/avr/4.8.1/../../../../avr/lib/avr6\libc.a(eerd_block_atmega2560.o)
 .data          0x00800200        0x0 e:/atmel toolchain/avr8 gcc/native/3.4.1056/avr8-gnu-toolchain/bin/../lib/gcc/avr/4.8.1/../../../../avr/lib/avr6\libc.a(eeupd_byte_atmega2560.o)
 .data          0x00800200        0x0 e:/atmel toolchain/avr8 gcc/native/3.4.1056/avr8-gnu-toolchain/bin/../lib/gcc/avr/4.8.1/../../../../avr/lib/avr6\libc.a(eewr_word_atmega2560.o)
 .data          0x00800200        0x0 e:/atmel toolchain/avr8 gcc/native/3.4.1056/avr8-gnu-toolchain/bin/../lib/gcc/avr/4.8.1/../../../../avr/lib/avr6\libc.a(eewr_byte_atmega2560.o)
 *(.data*)
 .data.test_max
                0x00800200        0x2 MASCHINE.o
                0x00800200                test_max
 .data.test_min
                0x00800202        0x2 MASCHINE.o
                0x00800202                test_min
 *(.rodata)
 *(.rodata*)
 *(.gnu.linkonce.d*)
                0x00800204                . = ALIGN (0x2)
                0x00800204                _edata = .
                0x00800204                PROVIDE (__data_end, .)

.bss            0x00800204      0x601
                0x00800204                PROVIDE (__bss_start, .)
 *(.bss)
 *(.bss*)
 .bss.test_direction
                0x00800204        0x1 MASCHINE.o
                0x00800204                test_direction
 .bss.test_aktPos
                0x00800205        0x2 MASCHINE.o
                0x00800205                test_aktPos
 *(COMMON)
 COMMON         0x00800207      0x5fe MASCHINE.o
                0x00800207                millisekunden
                0x00800209                minute
                0x0080020b                Reg
                0x00800210                test
                0x00800211                stunde
                0x00800213                sekunde
                0x00800215                T_Rezept
                0x00800805                PROVIDE (__bss_end, .)
                0x0000024a                __data_load_start = LOADADDR (.data)
                0x0000024e                __data_load_end = (__data_load_start + SIZEOF (.data))

.noinit         0x00800805        0x0
                0x00800805                PROVIDE (__noinit_start, .)
 *(.noinit*)
                0x00800805                PROVIDE (__noinit_end, .)
                0x00800805                _end = .
                0x00800805                PROVIDE (__heap_start, .)

.eeprom         0x00810000        0x0
 *(.eeprom*)
                0x00810000                __eeprom_end = .

.fuse
 *(.fuse)
 *(.lfuse)
 *(.hfuse)
 *(.efuse)

.lock
 *(.lock*)

.signature
 *(.signature*)

.user_signatures
 *(.user_signatures*)

.stab
 *(.stab)

.stabstr
 *(.stabstr)

.stab.excl
 *(.stab.excl)

.stab.exclstr
 *(.stab.exclstr)

.stab.index
 *(.stab.index)

.stab.indexstr
 *(.stab.indexstr)

.comment        0x00000000       0x30
 *(.comment)
 .comment       0x00000000       0x30 buffer.o
                                 0x31 (size before relaxing)
 .comment       0x00000000       0x31 MASCHINE.o
 .comment       0x00000000       0x31 rprintf.o
 .comment       0x00000000       0x31 uart.o
 .comment       0x00000000       0x31 src/ASF/common/boards/user_board/init.o
 .comment       0x00000000       0x31 e:/atmel toolchain/avr8 gcc/native/3.4.1056/avr8-gnu-toolchain/bin/../lib/gcc/avr/4.8.1/../../../../avr/lib/avr6\libc.a(fwrite.o)
 .comment       0x00000000       0x31 e:/atmel toolchain/avr8 gcc/native/3.4.1056/avr8-gnu-toolchain/bin/../lib/gcc/avr/4.8.1/../../../../avr/lib/avr6\libc.a(iob.o)

.note.gnu.build-id
 *(.note.gnu.build-id)

.debug
 *(.debug)

.line
 *(.line)

.debug_srcinfo
 *(.debug_srcinfo)

.debug_sfnames
 *(.debug_sfnames)

.debug_aranges  0x00000000      0x210
 *(.debug_aranges)
 .debug_aranges
                0x00000000       0x50 buffer.o
 .debug_aranges
                0x00000050       0xe8 MASCHINE.o
 .debug_aranges
                0x00000138       0x78 rprintf.o
 .debug_aranges
                0x000001b0       0x40 uart.o
 .debug_aranges
                0x000001f0       0x20 src/ASF/common/boards/user_board/init.o

.debug_pubnames
 *(.debug_pubnames)

.debug_info     0x00000000     0x20aa
 *(.debug_info .gnu.linkonce.wi.*)
 .debug_info    0x00000000      0x2f3 buffer.o
 .debug_info    0x000002f3     0x11dd MASCHINE.o
 .debug_info    0x000014d0      0x64a rprintf.o
 .debug_info    0x00001b1a      0x514 uart.o
 .debug_info    0x0000202e       0x7c src/ASF/common/boards/user_board/init.o

.debug_abbrev   0x00000000      0x81c
 *(.debug_abbrev)
 .debug_abbrev  0x00000000      0x109 buffer.o
 .debug_abbrev  0x00000109      0x30b MASCHINE.o
 .debug_abbrev  0x00000414      0x1d5 rprintf.o
 .debug_abbrev  0x000005e9      0x1ec uart.o
 .debug_abbrev  0x000007d5       0x47 src/ASF/common/boards/user_board/init.o

.debug_line     0x00000000     0x1ec6
 *(.debug_line .debug_line.* .debug_line_end)
 .debug_line    0x00000000      0x366 buffer.o
 .debug_line    0x00000366      0xe9b MASCHINE.o
 .debug_line    0x00001201      0x557 rprintf.o
 .debug_line    0x00001758      0x442 uart.o
 .debug_line    0x00001b9a      0x32c src/ASF/common/boards/user_board/init.o

.debug_frame    0x00000000      0x630
 *(.debug_frame)
 .debug_frame   0x00000000       0x90 buffer.o
 .debug_frame   0x00000090      0x28c MASCHINE.o
 .debug_frame   0x0000031c      0x1f8 rprintf.o
 .debug_frame   0x00000514       0xf8 uart.o
 .debug_frame   0x0000060c       0x24 src/ASF/common/boards/user_board/init.o

.debug_str      0x00000000    0x124f5
 *(.debug_str)
 .debug_str     0x00000000     0x85f9 buffer.o
                               0x86f7 (size before relaxing)
 .debug_str     0x000085f9     0x1c43 MASCHINE.o
                               0xa2b1 (size before relaxing)
 .debug_str     0x0000a23c     0x2bc7 rprintf.o
                               0xb53c (size before relaxing)
 .debug_str     0x0000ce03       0xe1 uart.o
                               0x8bca (size before relaxing)
 .debug_str     0x0000cee4     0x5611 src/ASF/common/boards/user_board/init.o
                              0x10945 (size before relaxing)

.debug_loc      0x00000000     0x21ca
 *(.debug_loc)
 .debug_loc     0x00000000      0x21c buffer.o
 .debug_loc     0x0000021c      0xe2a MASCHINE.o
 .debug_loc     0x00001046      0xd8d rprintf.o
 .debug_loc     0x00001dd3      0x3f7 uart.o

.debug_macinfo
 *(.debug_macinfo)

.debug_weaknames
 *(.debug_weaknames)

.debug_funcnames
 *(.debug_funcnames)

.debug_typenames
 *(.debug_typenames)

.debug_varnames
 *(.debug_varnames)

.debug_pubtypes
 *(.debug_pubtypes)

.debug_ranges   0x00000000      0x3b8
 *(.debug_ranges)
 .debug_ranges  0x00000000       0x40 buffer.o
 .debug_ranges  0x00000040      0x2b8 MASCHINE.o
 .debug_ranges  0x000002f8       0x80 rprintf.o
 .debug_ranges  0x00000378       0x30 uart.o
 .debug_ranges  0x000003a8       0x10 src/ASF/common/boards/user_board/init.o

.debug_macro    0x00000000     0x5386
 *(.debug_macro)
 .debug_macro   0x00000000       0xcd buffer.o
 .debug_macro   0x000000cd      0xa54 buffer.o
 .debug_macro   0x00000b21       0x6a buffer.o
 .debug_macro   0x00000b8b       0x4c buffer.o
 .debug_macro   0x00000bd7       0x10 buffer.o
 .debug_macro   0x00000be7       0x10 buffer.o
 .debug_macro   0x00000bf7      0x1ad buffer.o
 .debug_macro   0x00000da4      0x293 buffer.o
 .debug_macro   0x00001037       0x9e buffer.o
 .debug_macro   0x000010d5     0x1e62 buffer.o
 .debug_macro   0x00002f37       0xd6 buffer.o
 .debug_macro   0x0000300d      0x2ea buffer.o
 .debug_macro   0x000032f7       0xd9 buffer.o
 .debug_macro   0x000033d0       0x34 buffer.o
 .debug_macro   0x00003404       0x18 buffer.o
 .debug_macro   0x0000341c       0x6c buffer.o
 .debug_macro   0x00003488      0x1c2 MASCHINE.o
 .debug_macro   0x0000364a       0x69 MASCHINE.o
 .debug_macro   0x000036b3       0x5e MASCHINE.o
 .debug_macro   0x00003711       0x58 MASCHINE.o
 .debug_macro   0x00003769       0x10 MASCHINE.o
 .debug_macro   0x00003779       0x97 MASCHINE.o
 .debug_macro   0x00003810       0xeb MASCHINE.o
 .debug_macro   0x000038fb       0x10 MASCHINE.o
 .debug_macro   0x0000390b      0x16d MASCHINE.o
 .debug_macro   0x00003a78       0x87 MASCHINE.o
 .debug_macro   0x00003aff       0xef MASCHINE.o
 .debug_macro   0x00003bee       0x3c MASCHINE.o
 .debug_macro   0x00003c2a       0x16 MASCHINE.o
 .debug_macro   0x00003c40       0x22 MASCHINE.o
 .debug_macro   0x00003c62       0x34 MASCHINE.o
 .debug_macro   0x00003c96      0x100 MASCHINE.o
 .debug_macro   0x00003d96       0x16 MASCHINE.o
 .debug_macro   0x00003dac       0x35 MASCHINE.o
 .debug_macro   0x00003de1      0x104 rprintf.o
 .debug_macro   0x00003ee5       0x10 rprintf.o
 .debug_macro   0x00003ef5       0x89 rprintf.o
 .debug_macro   0x00003f7e       0xaa rprintf.o
 .debug_macro   0x00004028      0x181 rprintf.o
 .debug_macro   0x000041a9       0x1c rprintf.o
 .debug_macro   0x000041c5       0x97 rprintf.o
 .debug_macro   0x0000425c       0x5a rprintf.o
 .debug_macro   0x000042b6       0x37 rprintf.o
 .debug_macro   0x000042ed       0xdb uart.o
 .debug_macro   0x000043c8       0x2e uart.o
 .debug_macro   0x000043f6      0x299 uart.o
 .debug_macro   0x0000468f       0x20 uart.o
 .debug_macro   0x000046af       0x16 uart.o
 .debug_macro   0x000046c5      0x161 src/ASF/common/boards/user_board/init.o
 .debug_macro   0x00004826      0x166 src/ASF/common/boards/user_board/init.o
 .debug_macro   0x0000498c       0x66 src/ASF/common/boards/user_board/init.o
 .debug_macro   0x000049f2      0x44c src/ASF/common/boards/user_board/init.o
 .debug_macro   0x00004e3e       0x44 src/ASF/common/boards/user_board/init.o
 .debug_macro   0x00004e82       0x2c src/ASF/common/boards/user_board/init.o
 .debug_macro   0x00004eae      0x175 src/ASF/common/boards/user_board/init.o
 .debug_macro   0x00005023       0x40 src/ASF/common/boards/user_board/init.o
 .debug_macro   0x00005063      0x100 src/ASF/common/boards/user_board/init.o
 .debug_macro   0x00005163      0x223 src/ASF/common/boards/user_board/init.o
OUTPUT(MASCHINE.elf elf32-avr)
LOAD linker stubs
